#-----------------------------------------------------------
# Vivado v2020.1 (64-bit)
# SW Build 2902540 on Wed May 27 19:54:49 MDT 2020
# IP Build 2902112 on Wed May 27 22:43:36 MDT 2020
# Start of session at: Sat Nov 14 15:58:30 2020
# Process ID: 928
# Current directory: C:/Users/Administrator/Desktop/cache_lab_v0.06/cache_lab_v0.06/soc_axi_lite_loongson/run_vivado/mycpu_prj1
# Command line: vivado.exe -gui_launcher_event rodinguilauncherevent17148 C:\Users\Administrator\Desktop\cache_lab_v0.06\cache_lab_v0.06\soc_axi_lite_loongson\run_vivado\mycpu_prj1\mycpu.xpr
# Log file: C:/Users/Administrator/Desktop/cache_lab_v0.06/cache_lab_v0.06/soc_axi_lite_loongson/run_vivado/mycpu_prj1/vivado.log
# Journal file: C:/Users/Administrator/Desktop/cache_lab_v0.06/cache_lab_v0.06/soc_axi_lite_loongson/run_vivado/mycpu_prj1\vivado.jou
#-----------------------------------------------------------
start_gui
open_project C:/Users/Administrator/Desktop/cache_lab_v0.06/cache_lab_v0.06/soc_axi_lite_loongson/run_vivado/mycpu_prj1/mycpu.xpr
update_compile_order -fileset sources_1
launch_simulation
source tb_top.tcl
run all
run all
close_sim
launch_simulation
source tb_top.tcl
run all
close_sim
launch_simulation
source tb_top.tcl
run 10 s
close_sim
launch_simulation
source tb_top.tcl
run all
set_property SOURCE_SET sources_1 [get_filesets sim_1]
add_files -fileset sim_1 -norecurse C:/Users/Administrator/Desktop/cache_lab_v0.06/cache_lab_v0.06/soc_axi_lite_loongson/ohhhh.wcfg
save_wave_config {C:/Users/Administrator/Desktop/cache_lab_v0.06/cache_lab_v0.06/soc_axi_lite_loongson/run_vivado/mycpu_prj1/tb_top_behav.wcfg}
add_files -fileset sim_1 -norecurse C:/Users/Administrator/Desktop/cache_lab_v0.06/cache_lab_v0.06/soc_axi_lite_loongson/run_vivado/mycpu_prj1/tb_top_behav.wcfg
set_property xsim.view C:/Users/Administrator/Desktop/cache_lab_v0.06/cache_lab_v0.06/soc_axi_lite_loongson/run_vivado/mycpu_prj1/tb_top_behav.wcfg [get_filesets sim_1]
close_sim
