#-----------------------------------------------------------
# Webtalk v2020.1 (64-bit)
# SW Build 2902540 on Wed May 27 19:54:49 MDT 2020
# IP Build 2902112 on Wed May 27 22:43:36 MDT 2020
# Start of session at: Sun Nov 15 15:31:34 2020
# Process ID: 6960
# Current directory: C:/Users/Administrator/Desktop/cache_lab_v0.06/cache_lab_v0.06/soc_axi_lite_loongson/run_vivado/mycpu_prj1/mycpu.sim/sim_1/behav/xsim
# Command line: wbtcv.exe -mode batch -source C:/Users/Administrator/Desktop/cache_lab_v0.06/cache_lab_v0.06/soc_axi_lite_loongson/run_vivado/mycpu_prj1/mycpu.sim/sim_1/behav/xsim/xsim.dir/tb_top_behav/webtalk/xsim_webtalk.tcl -notrace
# Log file: C:/Users/Administrator/Desktop/cache_lab_v0.06/cache_lab_v0.06/soc_axi_lite_loongson/run_vivado/mycpu_prj1/mycpu.sim/sim_1/behav/xsim/webtalk.log
# Journal file: C:/Users/Administrator/Desktop/cache_lab_v0.06/cache_lab_v0.06/soc_axi_lite_loongson/run_vivado/mycpu_prj1/mycpu.sim/sim_1/behav/xsim\webtalk.jou
#-----------------------------------------------------------
source C:/Users/Administrator/Desktop/cache_lab_v0.06/cache_lab_v0.06/soc_axi_lite_loongson/run_vivado/mycpu_prj1/mycpu.sim/sim_1/behav/xsim/xsim.dir/tb_top_behav/webtalk/xsim_webtalk.tcl -notrace
